--
-- CREATE_INDEX
-- Create ancillary data structures (i.e. indices)
--
-- directory paths are passed to us in environment variables
\getenv abs_srcdir PG_ABS_SRCDIR
--
-- BTREE
--
CREATE INDEX onek_unique1 ON onek USING btree(unique1 int4_ops);
CREATE INDEX IF NOT EXISTS onek_unique1 ON onek USING btree(unique1 int4_ops);
NOTICE:  relation "onek_unique1" already exists, skipping
CREATE INDEX IF NOT EXISTS ON onek USING btree(unique1 int4_ops);
ERROR:  syntax error at or near "ON"
LINE 1: CREATE INDEX IF NOT EXISTS ON onek USING btree(unique1 int4_...
                                   ^
CREATE INDEX onek_unique2 ON onek USING btree(unique2 int4_ops);
CREATE INDEX onek_hundred ON onek USING btree(hundred int4_ops);
CREATE INDEX onek_stringu1 ON onek USING btree(stringu1 name_ops);
CREATE INDEX tenk1_unique1 ON tenk1 USING btree(unique1 int4_ops);
CREATE INDEX tenk1_unique2 ON tenk1 USING btree(unique2 int4_ops);
CREATE INDEX tenk1_hundred ON tenk1 USING btree(hundred int4_ops);
CREATE INDEX tenk1_thous_tenthous ON tenk1 (thousand, tenthous);
CREATE INDEX tenk2_unique1 ON tenk2 USING btree(unique1 int4_ops);
CREATE INDEX tenk2_unique2 ON tenk2 USING btree(unique2 int4_ops);
CREATE INDEX tenk2_hundred ON tenk2 USING btree(hundred int4_ops);
CREATE INDEX rix ON road USING btree (name text_ops);
CREATE INDEX iix ON ihighway USING btree (name text_ops);
CREATE INDEX six ON shighway USING btree (name text_ops);
-- test comments
COMMENT ON INDEX six_wrong IS 'bad index';
ERROR:  relation "six_wrong" does not exist
COMMENT ON INDEX six IS 'good index';
COMMENT ON INDEX six IS NULL;
--
-- BTREE partial indices
--
CREATE INDEX onek2_u1_prtl ON onek2 USING btree(unique1 int4_ops)
	where unique1 < 20 or unique1 > 980;
CREATE INDEX onek2_u2_prtl ON onek2 USING btree(unique2 int4_ops)
	where stringu1 < 'B';
CREATE INDEX onek2_stu1_prtl ON onek2 USING btree(stringu1 name_ops)
	where onek2.stringu1 >= 'J' and onek2.stringu1 < 'K';
--
-- Test unique null behavior
--
CREATE TABLE unique_tbl (i int, t text);
CREATE UNIQUE INDEX unique_idx1 ON unique_tbl (i) NULLS DISTINCT;
CREATE UNIQUE INDEX unique_idx2 ON unique_tbl (i) NULLS NOT DISTINCT;
INSERT INTO unique_tbl VALUES (1, 'one');
INSERT INTO unique_tbl VALUES (2, 'two');
INSERT INTO unique_tbl VALUES (3, 'three');
INSERT INTO unique_tbl VALUES (4, 'four');
INSERT INTO unique_tbl VALUES (5, 'one');
INSERT INTO unique_tbl (t) VALUES ('six');
INSERT INTO unique_tbl (t) VALUES ('seven');  -- error from unique_idx2
ERROR:  duplicate key value violates unique constraint "unique_idx2"
DETAIL:  Key (i)=(null) already exists.
DROP INDEX unique_idx1, unique_idx2;
INSERT INTO unique_tbl (t) VALUES ('seven');
-- build indexes on filled table
CREATE UNIQUE INDEX unique_idx3 ON unique_tbl (i) NULLS DISTINCT;  -- ok
CREATE UNIQUE INDEX unique_idx4 ON unique_tbl (i) NULLS NOT DISTINCT;  -- error
ERROR:  could not create unique index "unique_idx4"
DETAIL:  Key (i)=(null) is duplicated.
DELETE FROM unique_tbl WHERE t = 'seven';
CREATE UNIQUE INDEX unique_idx4 ON unique_tbl (i) NULLS NOT DISTINCT;  -- ok now
\d unique_tbl
             Table "public.unique_tbl"
 Column |  Type   | Collation | Nullable | Default 
--------+---------+-----------+----------+---------
 i      | integer |           |          | 
 t      | text    |           |          | 
Indexes:
    "unique_idx3" UNIQUE, xbtree (i)
    "unique_idx4" UNIQUE, xbtree (i) NULLS NOT DISTINCT

\d unique_idx3
      Index "public.unique_idx3"
 Column |  Type   | Key? | Definition 
--------+---------+------+------------
 i      | integer | yes  | i
unique, xbtree, for table "public.unique_tbl"

\d unique_idx4
      Index "public.unique_idx4"
 Column |  Type   | Key? | Definition 
--------+---------+------+------------
 i      | integer | yes  | i
unique nulls not distinct, xbtree, for table "public.unique_tbl"

SELECT pg_get_indexdef('unique_idx3'::regclass);
                            pg_get_indexdef                            
-----------------------------------------------------------------------
 CREATE UNIQUE INDEX unique_idx3 ON public.unique_tbl USING xbtree (i)
(1 row)

SELECT pg_get_indexdef('unique_idx4'::regclass);
                                     pg_get_indexdef                                      
------------------------------------------------------------------------------------------
 CREATE UNIQUE INDEX unique_idx4 ON public.unique_tbl USING xbtree (i) NULLS NOT DISTINCT
(1 row)

DROP TABLE unique_tbl;
--
-- Test functional index
--
CREATE TABLE func_index_heap (f1 text, f2 text);
CREATE UNIQUE INDEX func_index_index on func_index_heap (textcat(f1,f2));
INSERT INTO func_index_heap VALUES('ABC','DEF');
INSERT INTO func_index_heap VALUES('AB','CDEFG');
INSERT INTO func_index_heap VALUES('QWE','RTY');
-- this should fail because of unique index:
INSERT INTO func_index_heap VALUES('ABCD', 'EF');
ERROR:  duplicate key value violates unique constraint "func_index_index"
DETAIL:  Key (textcat(f1, f2))=(ABCDEF) already exists.
-- but this shouldn't:
INSERT INTO func_index_heap VALUES('QWERTY');
-- while we're here, see that the metadata looks sane
\d func_index_heap
         Table "public.func_index_heap"
 Column | Type | Collation | Nullable | Default 
--------+------+-----------+----------+---------
 f1     | text |           |          | 
 f2     | text |           |          | 
Indexes:
    "func_index_index" UNIQUE, xbtree (textcat(f1, f2))

\d func_index_index
     Index "public.func_index_index"
 Column  | Type | Key? |   Definition    
---------+------+------+-----------------
 textcat | text | yes  | textcat(f1, f2)
unique, xbtree, for table "public.func_index_heap"

--
-- Same test, expressional index
--
DROP TABLE func_index_heap;
CREATE TABLE func_index_heap (f1 text, f2 text);
CREATE UNIQUE INDEX func_index_index on func_index_heap ((f1 || f2) text_ops);
INSERT INTO func_index_heap VALUES('ABC','DEF');
INSERT INTO func_index_heap VALUES('AB','CDEFG');
INSERT INTO func_index_heap VALUES('QWE','RTY');
-- this should fail because of unique index:
INSERT INTO func_index_heap VALUES('ABCD', 'EF');
ERROR:  duplicate key value violates unique constraint "func_index_index"
DETAIL:  Key ((f1 || f2))=(ABCDEF) already exists.
-- but this shouldn't:
INSERT INTO func_index_heap VALUES('QWERTY');
-- while we're here, see that the metadata looks sane
\d func_index_heap
         Table "public.func_index_heap"
 Column | Type | Collation | Nullable | Default 
--------+------+-----------+----------+---------
 f1     | text |           |          | 
 f2     | text |           |          | 
Indexes:
    "func_index_index" UNIQUE, xbtree ((f1 || f2))

\d func_index_index
  Index "public.func_index_index"
 Column | Type | Key? | Definition 
--------+------+------+------------
 expr   | text | yes  | (f1 || f2)
unique, xbtree, for table "public.func_index_heap"

-- this should fail because of unsafe column type (anonymous record)
create index on func_index_heap ((f1 || f2), (row(f1, f2)));
ERROR:  column "row" has pseudo-type record
--
-- Test unique index with included columns
--
CREATE TABLE covering_index_heap (f1 int, f2 int, f3 text);
CREATE UNIQUE INDEX covering_index_index on covering_index_heap (f1,f2) INCLUDE(f3);
INSERT INTO covering_index_heap VALUES(1,1,'AAA');
INSERT INTO covering_index_heap VALUES(1,2,'AAA');
-- this should fail because of unique index on f1,f2:
INSERT INTO covering_index_heap VALUES(1,2,'BBB');
ERROR:  duplicate key value violates unique constraint "covering_index_index"
DETAIL:  Key (f1, f2)=(1, 2) already exists.
-- and this shouldn't:
INSERT INTO covering_index_heap VALUES(1,4,'AAA');
-- Try to build index on table that already contains data
CREATE UNIQUE INDEX covering_pkey on covering_index_heap (f1,f2) INCLUDE(f3);
-- Try to use existing covering index as primary key
ALTER TABLE covering_index_heap ADD CONSTRAINT covering_pkey PRIMARY KEY USING INDEX
covering_pkey;
DROP TABLE covering_index_heap;
--
-- Test ADD CONSTRAINT USING INDEX
--
CREATE TABLE cwi_test( a int , b varchar(10), c char);
-- add some data so that all tests have something to work with.
INSERT INTO cwi_test VALUES(1, 2), (3, 4), (5, 6);
CREATE UNIQUE INDEX cwi_uniq_idx ON cwi_test(a , b);
ALTER TABLE cwi_test ADD primary key USING INDEX cwi_uniq_idx;
\d cwi_test
                     Table "public.cwi_test"
 Column |         Type          | Collation | Nullable | Default 
--------+-----------------------+-----------+----------+---------
 a      | integer               |           | not null | 
 b      | character varying(10) |           | not null | 
 c      | character(1)          |           |          | 
Indexes:
    "cwi_uniq_idx" PRIMARY KEY, xbtree (a, b)

\d cwi_uniq_idx
            Index "public.cwi_uniq_idx"
 Column |         Type          | Key? | Definition 
--------+-----------------------+------+------------
 a      | integer               | yes  | a
 b      | character varying(10) | yes  | b
primary key, xbtree, for table "public.cwi_test"

CREATE UNIQUE INDEX cwi_uniq2_idx ON cwi_test(b , a);
ALTER TABLE cwi_test DROP CONSTRAINT cwi_uniq_idx,
	ADD CONSTRAINT cwi_replaced_pkey PRIMARY KEY
		USING INDEX cwi_uniq2_idx;
NOTICE:  ALTER TABLE / ADD CONSTRAINT USING INDEX will rename index "cwi_uniq2_idx" to "cwi_replaced_pkey"
\d cwi_test
                     Table "public.cwi_test"
 Column |         Type          | Collation | Nullable | Default 
--------+-----------------------+-----------+----------+---------
 a      | integer               |           | not null | 
 b      | character varying(10) |           | not null | 
 c      | character(1)          |           |          | 
Indexes:
    "cwi_replaced_pkey" PRIMARY KEY, xbtree (b, a)

\d cwi_replaced_pkey
          Index "public.cwi_replaced_pkey"
 Column |         Type          | Key? | Definition 
--------+-----------------------+------+------------
 b      | character varying(10) | yes  | b
 a      | integer               | yes  | a
primary key, xbtree, for table "public.cwi_test"

DROP INDEX cwi_replaced_pkey;	-- Should fail; a constraint depends on it
ERROR:  cannot drop index cwi_replaced_pkey because constraint cwi_replaced_pkey on table cwi_test requires it
HINT:  You can drop constraint cwi_replaced_pkey on table cwi_test instead.
-- Check that non-default index options are rejected
CREATE UNIQUE INDEX cwi_uniq3_idx ON cwi_test(a desc);
ALTER TABLE cwi_test ADD UNIQUE USING INDEX cwi_uniq3_idx;  -- fail
ERROR:  index "cwi_uniq3_idx" column number 1 does not have default sorting behavior
LINE 1: ALTER TABLE cwi_test ADD UNIQUE USING INDEX cwi_uniq3_idx;
                                 ^
DETAIL:  Cannot create a primary key or unique constraint using such an index.
CREATE UNIQUE INDEX cwi_uniq4_idx ON cwi_test(b collate "POSIX");
ALTER TABLE cwi_test ADD UNIQUE USING INDEX cwi_uniq4_idx;  -- fail
ERROR:  index "cwi_uniq4_idx" column number 1 does not have default sorting behavior
LINE 1: ALTER TABLE cwi_test ADD UNIQUE USING INDEX cwi_uniq4_idx;
                                 ^
DETAIL:  Cannot create a primary key or unique constraint using such an index.
DROP TABLE cwi_test;
-- ADD CONSTRAINT USING INDEX is forbidden on partitioned tables
CREATE TABLE cwi_test(a int) PARTITION BY hash (a);
create unique index on cwi_test (a);
alter table cwi_test add primary key using index cwi_test_a_idx ;
ERROR:  ALTER TABLE / ADD CONSTRAINT USING INDEX is not supported on partitioned tables
DROP TABLE cwi_test;
--
-- Check handling of indexes on system columns
--
CREATE TABLE syscol_table (a INT);
-- System columns cannot be indexed
CREATE INDEX ON syscolcol_table (ctid);
ERROR:  relation "syscolcol_table" does not exist
-- nor used in expressions
CREATE INDEX ON syscol_table ((ctid >= '(1000,0)'));
ERROR:  index creation on system columns is not supported
-- nor used in predicates
CREATE INDEX ON syscol_table (a) WHERE ctid >= '(1000,0)';
ERROR:  index creation on system columns is not supported
DROP TABLE syscol_table;
--
-- Tests for IS NULL/IS NOT NULL with b-tree indexes
--
CREATE TABLE onek_with_null AS SELECT unique1, unique2 FROM onek;
INSERT INTO onek_with_null (unique1,unique2) VALUES (NULL, -1), (NULL, NULL);
CREATE UNIQUE INDEX onek_nulltest ON onek_with_null (unique2,unique1);
SET enable_seqscan = OFF;
SET enable_indexscan = ON;
SET enable_bitmapscan = ON;
SELECT count(*) FROM onek_with_null WHERE unique1 IS NULL;
 count 
-------
     2
(1 row)

SELECT count(*) FROM onek_with_null WHERE unique1 IS NULL AND unique2 IS NULL;
 count 
-------
     1
(1 row)

SELECT count(*) FROM onek_with_null WHERE unique1 IS NOT NULL;
 count 
-------
  1000
(1 row)

SELECT count(*) FROM onek_with_null WHERE unique1 IS NULL AND unique2 IS NOT NULL;
 count 
-------
     1
(1 row)

SELECT count(*) FROM onek_with_null WHERE unique1 IS NOT NULL AND unique1 > 500;
 count 
-------
   499
(1 row)

SELECT count(*) FROM onek_with_null WHERE unique1 IS NULL AND unique1 > 500;
 count 
-------
     0
(1 row)

DROP INDEX onek_nulltest;
CREATE UNIQUE INDEX onek_nulltest ON onek_with_null (unique2 desc,unique1);
SELECT count(*) FROM onek_with_null WHERE unique1 IS NULL;
 count 
-------
     2
(1 row)

SELECT count(*) FROM onek_with_null WHERE unique1 IS NULL AND unique2 IS NULL;
 count 
-------
     1
(1 row)

SELECT count(*) FROM onek_with_null WHERE unique1 IS NOT NULL;
 count 
-------
  1000
(1 row)

SELECT count(*) FROM onek_with_null WHERE unique1 IS NULL AND unique2 IS NOT NULL;
 count 
-------
     1
(1 row)

SELECT count(*) FROM onek_with_null WHERE unique1 IS NOT NULL AND unique1 > 500;
 count 
-------
   499
(1 row)

SELECT count(*) FROM onek_with_null WHERE unique1 IS NULL AND unique1 > 500;
 count 
-------
     0
(1 row)

DROP INDEX onek_nulltest;
CREATE UNIQUE INDEX onek_nulltest ON onek_with_null (unique2 desc nulls last,unique1);
SELECT count(*) FROM onek_with_null WHERE unique1 IS NULL;
 count 
-------
     2
(1 row)

SELECT count(*) FROM onek_with_null WHERE unique1 IS NULL AND unique2 IS NULL;
 count 
-------
     1
(1 row)

SELECT count(*) FROM onek_with_null WHERE unique1 IS NOT NULL;
 count 
-------
  1000
(1 row)

SELECT count(*) FROM onek_with_null WHERE unique1 IS NULL AND unique2 IS NOT NULL;
 count 
-------
     1
(1 row)

SELECT count(*) FROM onek_with_null WHERE unique1 IS NOT NULL AND unique1 > 500;
 count 
-------
   499
(1 row)

SELECT count(*) FROM onek_with_null WHERE unique1 IS NULL AND unique1 > 500;
 count 
-------
     0
(1 row)

DROP INDEX onek_nulltest;
CREATE UNIQUE INDEX onek_nulltest ON onek_with_null (unique2  nulls first,unique1);
SELECT count(*) FROM onek_with_null WHERE unique1 IS NULL;
 count 
-------
     2
(1 row)

SELECT count(*) FROM onek_with_null WHERE unique1 IS NULL AND unique2 IS NULL;
 count 
-------
     1
(1 row)

SELECT count(*) FROM onek_with_null WHERE unique1 IS NOT NULL;
 count 
-------
  1000
(1 row)

SELECT count(*) FROM onek_with_null WHERE unique1 IS NULL AND unique2 IS NOT NULL;
 count 
-------
     1
(1 row)

SELECT count(*) FROM onek_with_null WHERE unique1 IS NOT NULL AND unique1 > 500;
 count 
-------
   499
(1 row)

SELECT count(*) FROM onek_with_null WHERE unique1 IS NULL AND unique1 > 500;
 count 
-------
     0
(1 row)

DROP INDEX onek_nulltest;
-- Check initial-positioning logic too
CREATE UNIQUE INDEX onek_nulltest ON onek_with_null (unique2);
SET enable_seqscan = OFF;
SET enable_indexscan = ON;
SET enable_bitmapscan = OFF;
SELECT unique1, unique2 FROM onek_with_null
  ORDER BY unique2 LIMIT 2;
 unique1 | unique2 
---------+---------
         |      -1
     147 |       0
(2 rows)

SELECT unique1, unique2 FROM onek_with_null WHERE unique2 >= -1
  ORDER BY unique2 LIMIT 2;
 unique1 | unique2 
---------+---------
         |      -1
     147 |       0
(2 rows)

SELECT unique1, unique2 FROM onek_with_null WHERE unique2 >= 0
  ORDER BY unique2 LIMIT 2;
 unique1 | unique2 
---------+---------
     147 |       0
     931 |       1
(2 rows)

SELECT unique1, unique2 FROM onek_with_null
  ORDER BY unique2 DESC LIMIT 2;
 unique1 | unique2 
---------+---------
         |        
     278 |     999
(2 rows)

SELECT unique1, unique2 FROM onek_with_null WHERE unique2 >= -1
  ORDER BY unique2 DESC LIMIT 2;
 unique1 | unique2 
---------+---------
     278 |     999
       0 |     998
(2 rows)

SELECT unique1, unique2 FROM onek_with_null WHERE unique2 < 999
  ORDER BY unique2 DESC LIMIT 2;
 unique1 | unique2 
---------+---------
       0 |     998
     744 |     997
(2 rows)

RESET enable_seqscan;
RESET enable_indexscan;
RESET enable_bitmapscan;
DROP TABLE onek_with_null;
--
-- Check bitmap index path planning
--
EXPLAIN (COSTS OFF)
SELECT * FROM tenk1
  WHERE thousand = 42 AND (tenthous = 1 OR tenthous = 3 OR tenthous = 42);
                                                               QUERY PLAN                                                                
-----------------------------------------------------------------------------------------------------------------------------------------
 Bitmap Heap Scan on tenk1
   Recheck Cond: (((thousand = 42) AND (tenthous = 1)) OR ((thousand = 42) AND (tenthous = 3)) OR ((thousand = 42) AND (tenthous = 42)))
   ->  BitmapOr
         ->  Bitmap Index Scan on tenk1_thous_tenthous
               Index Cond: ((thousand = 42) AND (tenthous = 1))
         ->  Bitmap Index Scan on tenk1_thous_tenthous
               Index Cond: ((thousand = 42) AND (tenthous = 3))
         ->  Bitmap Index Scan on tenk1_thous_tenthous
               Index Cond: ((thousand = 42) AND (tenthous = 42))
(9 rows)

SELECT * FROM tenk1
  WHERE thousand = 42 AND (tenthous = 1 OR tenthous = 3 OR tenthous = 42);
 unique1 | unique2 | two | four | ten | twenty | hundred | thousand | twothousand | fivethous | tenthous | odd | even | stringu1 | stringu2 | string4 
---------+---------+-----+------+-----+--------+---------+----------+-------------+-----------+----------+-----+------+----------+----------+---------
      42 |    5530 |   0 |    2 |   2 |      2 |      42 |       42 |          42 |        42 |       42 |  84 |   85 | QBAAAA   | SEIAAA   | OOOOxx
(1 row)

EXPLAIN (COSTS OFF)
SELECT count(*) FROM tenk1
  WHERE hundred = 42 AND (thousand = 42 OR thousand = 99);
                                   QUERY PLAN                                    
---------------------------------------------------------------------------------
 Aggregate
   ->  Bitmap Heap Scan on tenk1
         Recheck Cond: ((hundred = 42) AND ((thousand = 42) OR (thousand = 99)))
         ->  BitmapAnd
               ->  Bitmap Index Scan on tenk1_hundred
                     Index Cond: (hundred = 42)
               ->  BitmapOr
                     ->  Bitmap Index Scan on tenk1_thous_tenthous
                           Index Cond: (thousand = 42)
                     ->  Bitmap Index Scan on tenk1_thous_tenthous
                           Index Cond: (thousand = 99)
(11 rows)

SELECT count(*) FROM tenk1
  WHERE hundred = 42 AND (thousand = 42 OR thousand = 99);
 count 
-------
    10
(1 row)

--
-- Check behavior with duplicate index column contents
--
CREATE TABLE dupindexcols AS
  SELECT unique1 as id, stringu2::text as f1 FROM tenk1;
CREATE INDEX dupindexcols_i ON dupindexcols (f1, id, f1 text_pattern_ops);
ANALYZE dupindexcols;
EXPLAIN (COSTS OFF)
  SELECT count(*) FROM dupindexcols
    WHERE f1 BETWEEN 'WA' AND 'ZZZ' and id < 1000 and f1 ~<~ 'YX';
                                                QUERY PLAN                                                
----------------------------------------------------------------------------------------------------------
 Aggregate
   ->  Index Only Scan using dupindexcols_i on dupindexcols
         Index Cond: ((f1 >= 'WA'::text) AND (f1 <= 'ZZZ'::text) AND (id < 1000) AND (f1 ~<~ 'YX'::text))
(3 rows)

SELECT count(*) FROM dupindexcols
  WHERE f1 BETWEEN 'WA' AND 'ZZZ' and id < 1000 and f1 ~<~ 'YX';
 count 
-------
    97
(1 row)

--
-- Check ordering of =ANY indexqual results (bug in 9.2.0)
--
explain (costs off)
SELECT unique1 FROM tenk1
WHERE unique1 IN (1,42,7)
ORDER BY unique1;
                      QUERY PLAN                       
-------------------------------------------------------
 Index Only Scan using tenk1_unique1 on tenk1
   Index Cond: (unique1 = ANY ('{1,42,7}'::integer[]))
(2 rows)

SELECT unique1 FROM tenk1
WHERE unique1 IN (1,42,7)
ORDER BY unique1;
 unique1 
---------
       1
       7
      42
(3 rows)

explain (costs off)
SELECT thousand, tenthous FROM tenk1
WHERE thousand < 2 AND tenthous IN (1001,3000)
ORDER BY thousand;
                                   QUERY PLAN                                   
--------------------------------------------------------------------------------
 Index Only Scan using tenk1_thous_tenthous on tenk1
   Index Cond: ((thousand < 2) AND (tenthous = ANY ('{1001,3000}'::integer[])))
(2 rows)

SELECT thousand, tenthous FROM tenk1
WHERE thousand < 2 AND tenthous IN (1001,3000)
ORDER BY thousand;
 thousand | tenthous 
----------+----------
        0 |     3000
        1 |     1001
(2 rows)

SET enable_indexonlyscan = OFF;
explain (costs off)
SELECT thousand, tenthous FROM tenk1
WHERE thousand < 2 AND tenthous IN (1001,3000)
ORDER BY thousand;
                                   QUERY PLAN                                   
--------------------------------------------------------------------------------
 Index Scan using tenk1_thous_tenthous on tenk1
   Index Cond: ((thousand < 2) AND (tenthous = ANY ('{1001,3000}'::integer[])))
(2 rows)

SELECT thousand, tenthous FROM tenk1
WHERE thousand < 2 AND tenthous IN (1001,3000)
ORDER BY thousand;
 thousand | tenthous 
----------+----------
        0 |     3000
        1 |     1001
(2 rows)

RESET enable_indexonlyscan;
--
-- Check elimination of constant-NULL subexpressions
--
explain (costs off)
  select * from tenk1 where (thousand, tenthous) in ((1,1001), (null,null));
                      QUERY PLAN                      
------------------------------------------------------
 Index Scan using tenk1_thous_tenthous on tenk1
   Index Cond: ((thousand = 1) AND (tenthous = 1001))
(2 rows)

--
-- Check matching of boolean index columns to WHERE conditions and sort keys
--
create temp table boolindex (b bool, i int, unique(b, i), junk float);
explain (costs off)
  select * from boolindex order by b, i limit 10;
                      QUERY PLAN                       
-------------------------------------------------------
 Limit
   ->  Index Scan using boolindex_b_i_key on boolindex
(2 rows)

explain (costs off)
  select * from boolindex where b order by i limit 10;
                      QUERY PLAN                       
-------------------------------------------------------
 Limit
   ->  Index Scan using boolindex_b_i_key on boolindex
         Index Cond: (b = true)
(3 rows)

explain (costs off)
  select * from boolindex where b = true order by i desc limit 10;
                           QUERY PLAN                           
----------------------------------------------------------------
 Limit
   ->  Index Scan Backward using boolindex_b_i_key on boolindex
         Index Cond: (b = true)
(3 rows)

explain (costs off)
  select * from boolindex where not b order by i limit 10;
                      QUERY PLAN                       
-------------------------------------------------------
 Limit
   ->  Index Scan using boolindex_b_i_key on boolindex
         Index Cond: (b = false)
(3 rows)

explain (costs off)
  select * from boolindex where b is true order by i desc limit 10;
                           QUERY PLAN                           
----------------------------------------------------------------
 Limit
   ->  Index Scan Backward using boolindex_b_i_key on boolindex
         Index Cond: (b = true)
(3 rows)

explain (costs off)
  select * from boolindex where b is false order by i desc limit 10;
                           QUERY PLAN                           
----------------------------------------------------------------
 Limit
   ->  Index Scan Backward using boolindex_b_i_key on boolindex
         Index Cond: (b = false)
(3 rows)

--
-- REINDEX (VERBOSE)
--
CREATE TABLE reindex_verbose(id integer primary key);
\set VERBOSITY terse \\ -- suppress machine-dependent details
REINDEX (VERBOSE) TABLE reindex_verbose;
INFO:  index "reindex_verbose_pkey" was reindexed
\set VERBOSITY default
DROP TABLE reindex_verbose;
--
-- REINDEX SCHEMA
--
REINDEX SCHEMA schema_to_reindex; -- failure, schema does not exist
ERROR:  schema "schema_to_reindex" does not exist
CREATE SCHEMA schema_to_reindex;
SET search_path = 'schema_to_reindex';
CREATE TABLE table1(col1 SERIAL PRIMARY KEY);
INSERT INTO table1 SELECT generate_series(1,400);
CREATE TABLE table2(col1 SERIAL PRIMARY KEY, col2 TEXT NOT NULL);
INSERT INTO table2 SELECT generate_series(1,400), 'abc';
CREATE INDEX ON table2(col2);
CREATE MATERIALIZED VIEW matview AS SELECT col1 FROM table2;
CREATE INDEX ON matview(col1);
CREATE VIEW view AS SELECT col2 FROM table2;
CREATE TABLE reindex_before AS
SELECT oid, relname, relfilenode, relkind, reltoastrelid
	FROM pg_class
	where relnamespace = (SELECT oid FROM pg_namespace WHERE nspname = 'schema_to_reindex');
INSERT INTO reindex_before
SELECT oid, 'pg_toast_TABLE', relfilenode, relkind, reltoastrelid
FROM pg_class WHERE oid IN
	(SELECT reltoastrelid FROM reindex_before WHERE reltoastrelid > 0);
INSERT INTO reindex_before
SELECT oid, 'pg_toast_TABLE_index', relfilenode, relkind, reltoastrelid
FROM pg_class where oid in
	(select indexrelid from pg_index where indrelid in
		(select reltoastrelid from reindex_before where reltoastrelid > 0));
REINDEX SCHEMA schema_to_reindex;
CREATE TABLE reindex_after AS SELECT oid, relname, relfilenode, relkind
	FROM pg_class
	where relnamespace = (SELECT oid FROM pg_namespace WHERE nspname = 'schema_to_reindex');
SELECT  b.relname,
        b.relkind,
        CASE WHEN a.relfilenode = b.relfilenode THEN 'relfilenode is unchanged'
        ELSE 'relfilenode has changed' END
  FROM reindex_before b JOIN pg_class a ON b.oid = a.oid
  ORDER BY 1;
       relname        | relkind |           case           
----------------------+---------+--------------------------
 matview              | m       | relfilenode is unchanged
 matview_col1_idx     | i       | relfilenode has changed
 pg_toast_TABLE       | t       | relfilenode is unchanged
 pg_toast_TABLE_index | i       | relfilenode has changed
 table1               | r       | relfilenode is unchanged
 table1_col1_seq      | S       | relfilenode is unchanged
 table1_pkey          | i       | relfilenode has changed
 table2               | r       | relfilenode is unchanged
 table2_col1_seq      | S       | relfilenode is unchanged
 table2_col2_idx      | i       | relfilenode has changed
 table2_pkey          | i       | relfilenode has changed
 view                 | v       | relfilenode is unchanged
(12 rows)

REINDEX SCHEMA schema_to_reindex;
BEGIN;
REINDEX SCHEMA schema_to_reindex; -- failure, cannot run in a transaction
ERROR:  REINDEX SCHEMA cannot run inside a transaction block
END;
-- Failure for unauthorized user
CREATE ROLE regress_reindexuser NOLOGIN;
SET SESSION ROLE regress_reindexuser;
REINDEX SCHEMA schema_to_reindex;
ERROR:  must be owner of schema schema_to_reindex
-- Permission failures with toast tables and indexes (pg_authid here)
RESET ROLE;
GRANT USAGE ON SCHEMA pg_toast TO regress_reindexuser;
SET SESSION ROLE regress_reindexuser;
REINDEX TABLE pg_toast.pg_toast_1260;
ERROR:  permission denied for table pg_toast_1260
REINDEX INDEX pg_toast.pg_toast_1260_index;
ERROR:  permission denied for index pg_toast_1260_index
-- Clean up
RESET ROLE;
REVOKE USAGE ON SCHEMA pg_toast FROM regress_reindexuser;
DROP ROLE regress_reindexuser;
DROP SCHEMA schema_to_reindex CASCADE;
NOTICE:  drop cascades to 6 other objects
DETAIL:  drop cascades to table table1
drop cascades to table table2
drop cascades to materialized view matview
drop cascades to view view
drop cascades to table reindex_before
drop cascades to table reindex_after
